
> bot@0.0.1 build
> rsbuild build

Rsbuild v1.6.14

node.exe : (node:7976) 
[MODULE_TYPELESS_PACKAG
E_JSON] Warning: 
Module type of file:///
C:/antigravity-work/LAX
SNIPER_BOT_VXV/rsbuild.
config.ts?t=17740218532
47 is not specified 
and it doesn't parse 
as CommonJS.
At line:1 char:1
+ & "C:\Program 
Files\nodejs/node.exe" 
"C:\Program 
Files\nodejs/node_mo 
...
+ ~~~~~~~~~~~~~~~~~~~~~
~~~~~~~~~~~~~~~~~~~~~~~
~~~~~~~~~~~~~~~~~~~~~~~
~~
    + CategoryInfo     
         : NotSpecifi  
  ed: ((node:7976) [   
 MO...se as CommonJ    
S.:String) [], Rem    
oteException
    + FullyQualifiedEr 
   rorId : NativeComm  
  andError
 
Reparsing as ES module 
because module syntax 
was detected. This 
incurs a performance 
overhead.
To eliminate this 
warning, add "type": 
"module" to C:\antigrav
ity-work\LAXSNIPER_BOT_
VXV\package.json.
(Use `node 
--trace-warnings ...` 
to show where the 
warning was created)
warn    [2m[rsbuild:co
nfig][22m The [33m"so
urce.alias"[39m 
config is deprecated, 
use [33m"resolve.alias
"[39m instead.
error   Failed to 
build.
error   Loading 
PostCSS Plugin failed: 
Cannot find module 
'tailwindcss'
Require stack:
- C:\antigravity-work\L
AXSNIPER_BOT_VXV\postcs
s.config.cjs

(@C:\antigravity-work\L
AXSNIPER_BOT_VXV\postcs
s.config.cjs)
    at load (file:///C:
/antigravity-work/LAXSN
IPER_BOT_VXV/node_modul
es/@rsbuild/core/dist/1
31.js:871:23)
    at async 
Promise.all (index 0)
    at async plugins (f
ile:///C:/antigravity-w
ork/LAXSNIPER_BOT_VXV/n
ode_modules/@rsbuild/co
re/dist/131.js:876:231)
    at async 
processResult (file:///
C:/antigravity-work/LAX
SNIPER_BOT_VXV/node_mod
ules/@rsbuild/core/dist
/131.js:779:26)
    at async getPostcss
LoaderOptions (file:///
C:/antigravity-work/LAX
SNIPER_BOT_VXV/node_mod
ules/@rsbuild/core/dist
/131.js:4274:42)
    at async 
Object.handler (file://
/C:/antigravity-work/LA
XSNIPER_BOT_VXV/node_mo
dules/@rsbuild/core/dis
t/131.js:8219:52)
    at async 
Object.callChain (file:
///C:/antigravity-work/
LAXSNIPER_BOT_VXV/node_
modules/@rsbuild/core/d
ist/131.js:2168:30)
    at async 
modifyBundlerChain (fil
e:///C:/antigravity-wor
k/LAXSNIPER_BOT_VXV/nod
e_modules/@rsbuild/core
/dist/131.js:3587:66)
    at async 
generateRspackConfig (f
ile:///C:/antigravity-w
ork/LAXSNIPER_BOT_VXV/n
ode_modules/@rsbuild/co
re/dist/131.js:3760:251
)
    at async 
initConfigs (file:///C:
/antigravity-work/LAXSN
IPER_BOT_VXV/node_modul
es/@rsbuild/core/dist/1
31.js:3910:108)
